[lacunafund.org/index.html]
[backblue.gif]
[fade.gif]
[index.html]
[lacunafund.org/wp-content/plugins/counter-number-pro/assets/css/font-awesome/css/font-awesome.min6c2d.css]
[lacunafund.org/wp-content/plugins/counter-number-pro/assets/css/bootstrap-front6c2d.css]
[lacunafund.org/wp-content/plugins/counter-number-pro/assets/css/counter-column6c2d.css]
[lacunafund.org/wp-content/plugins/ultimate-social-media-icons/css/sfsi-style76ed.css]
[lacunafund.org/fr/index.html]
[lacunafund.org/es/index.html]
[lacunafund.org/wp-content/plugins/wpfront-notification-bar/css/wpfront-notification-bar.min8bb8.css]
[lacunafund.org/wp-includes/js/jquery/jquery.minf43b.js]
[lacunafund.org/wp-includes/js/jquery/jquery-migrate.min5589.js]
[lacunafund.org/wp-content/themes/meridian-microsite-theme/public/css/app.0395d5.css]
[lacunafund.org/wp-content/plugins/wpfront-notification-bar/jquery-plugins/js-cookie.min77e6.js]
[lacunafund.org/wp-content/plugins/wpfront-notification-bar/js/wpfront-notification-bar.min8bb8.js]
[lacunafund.org/wp-json/wp/v2/pages/464.json]
[lacunafund.org/xmlrpc0db0.php]
[lacunafund.org/wp-json/index.html]
[lacunafund.org/wp-json/oembed/1.0/embed68d3.json]
[lacunafund.org/wp-json/oembed/1.0/embed4765]
[lacunafund.org/wp-content/uploads/sites/11/2020/07/cropped-Small-LacunaFund-Avatar-4C-WhiteBG-1-32x32.png]
[lacunafund.org/wp-content/uploads/sites/11/2020/07/cropped-Small-LacunaFund-Avatar-4C-WhiteBG-1-192x192.png]
[lacunafund.org/wp-content/uploads/sites/11/2020/07/cropped-Small-LacunaFund-Avatar-4C-WhiteBG-1-180x180.png]
[lacunafund.org/wp-content/plugins/wpfront-notification-bar/images/arrow_down.png]
[lacunafund.org/wp-content/plugins/wpfront-notification-bar/images/arrow_up.png]
[lacunafund.org/wp-content/uploads/sites/11/2023/09/RESIZE_2_LacunaFund-Alt2-Tag-1.png]
[lacunafund.org/wp-content/uploads/sites/11/2020/07/Brazil-USGS-small-ATTRIBUTION-w-treatment.png]
[lacunafund.org/about/index.html]
[lacunafund.org/governance/index.html]
[lacunafund.org/steering-committee/index.html]
[lacunafund.org/wp-content/uploads/sites/11/2020/06/RF_logo_screen_green-e1728327005172-1024x445.png]
[lacunafund.org/datasets/agriculture/index.html]
[lacunafund.org/datasets/index.html]
[lacunafund.org/technical-advisory-panels/index.html]
[lacunafund.org/wp-content/uploads/sites/11/2020/06/Google.png]
[lacunafund.org/funders/index.html]
[lacunafund.org/datasets/health/index.html]
[lacunafund.org/datasets/climate/index.html]
[lacunafund.org/datasets/language/index.html]
[lacunafund.org/wp-content/uploads/sites/11/2020/06/IDRC-1.png]
[lacunafund.org/wp-content/uploads/sites/11/2020/06/GIZ.png]
[lacunafund.org/climate/index.html]
[lacunafund.org/health/index.html]
[lacunafund.org/agriculture/index.html]
[lacunafund.org/apply/index.html]
[lacunafund.org/wp-content/uploads/sites/11/2024/02/wellcome-sized-for-web.png]
[lacunafund.org/wp-content/uploads/sites/11/2020/06/MooreFoundation.jpg]
[lacunafund.org/resources/index.html]
[lacunafund.org/agriculture-resources/index.html]
[lacunafund.org/language/index.html]
[lacunafund.org/language-resources/index.html]
[lacunafund.org/wp-content/uploads/sites/11/2024/02/PJMF.png]
[lacunafund.org/wp-content/uploads/sites/11/2024/02/RWJF-Logo.png]
[lacunafund.org/wp-content/uploads/sites/11/2024/05/compress_2H6A0162-1-1-scaled-e1715211580772-1024x500.jpg]
[lacunafund.org/climate-resources/index.html]
[lacunafund.org/health-resources/index.html]
[lacunafund.org/news/index.html]
[lacunafund.org/wp-content/uploads/sites/11/2024/05/compress_2H6A9515-1-scaled-e1715211651120-1024x626.jpg]
[lacunafund.org/wp-content/uploads/sites/11/2024/05/compress_2H6A9805-1-scaled-e1715211692315-1024x605.jpg]
[lacunafund.org/wp-content/uploads/sites/11/2020/07/MI_Logo_R_RGB_White-160x58.png]
[lacunafund.org/wp-includes/css/dashicons.min6c2d.css]
[lacunafund.org/wp-content/plugins/ninja-forms/assets/css/display-opinions-light6c2d.css]
[lacunafund.org/wp-content/plugins/ninja-forms/assets/css/font-awesome.min6c2d.css]
[lacunafund.org/wp-content/plugins/counter-number-pro/assets/js/bootstrap6c2d.js]
[lacunafund.org/wp-content/plugins/counter-number-pro/assets/js/waypoint6c2d.js]
[lacunafund.org/wp-content/plugins/counter-number-pro/assets/js/counter_nscript6c2d.js]
[lacunafund.org/wp-content/plugins/counter-number-pro/assets/js/jquery.counterup.min6c2d.js]
[lacunafund.org/wp-includes/js/jquery/ui/core.minb37e.js]
[lacunafund.org/wp-content/plugins/ultimate-social-media-icons/js/shuffle/modernizr.custom.min6c2d.js]
[lacunafund.org/wp-content/plugins/ultimate-social-media-icons/js/shuffle/jquery.shuffle.min6c2d.js]
[lacunafund.org/wp-content/plugins/ultimate-social-media-icons/js/shuffle/random-shuffle-min6c2d.js]
[lacunafund.org/wp-content/plugins/ultimate-social-media-icons/js/custom76ed.js]
[lacunafund.org/wp-includes/js/dist/vendor/lodash.mind1d1.js]
[lacunafund.org/wp-content/themes/meridian-microsite-theme/public/js/575.9ffd3f.js]
[lacunafund.org/wp-content/themes/meridian-microsite-theme/public/js/145.c7708b.js]
[lacunafund.org/wp-content/themes/meridian-microsite-theme/public/js/app.8035fa.js]
[lacunafund.org/wp-includes/js/underscore.min3ab8.js]
[lacunafund.org/wp-includes/js/backbone.minaff7.js]
[lacunafund.org/wp-content/plugins/ninja-forms/assets/js/min/front-end-deps7f22.js]
[lacunafund.org/wp-content/plugins/ninja-forms/assets/js/min/front-end7f22.js]
[lacunafund.org/index.html]
[lacunafund.org/fr/wp-json/wp/v2/pages/1338.json]
[lacunafund.org/fr/wp-json/index.html]
[lacunafund.org/fr/wp-json/oembed/1.0/embed15ac.json]
[lacunafund.org/fr/wp-json/oembed/1.0/embed8a30]
[lacunafund.org/wp-content/uploads/sites/11/2020/07/LacunaFund-Alt2-Tag-web.jpg]
[lacunafund.org/fr/climat/index.html]
[lacunafund.org/wp-content/uploads/sites/11/2024/05/compress_2H6A0162-1-1-1024x683.jpg]
[lacunafund.org/fr/gouvernance/index.html]
[lacunafund.org/fr/apropos/index.html]
[lacunafund.org/fr/steering-committee/index.html]
[lacunafund.org/wp-content/uploads/sites/11/2024/05/compress_2H6A9515-1-1024x683.jpg]
[lacunafund.org/fr/groupes-consultatifs-techniques/index.html]
[lacunafund.org/fr/ensemble-de-donnees/index.html]
[lacunafund.org/fr/bailleursdefonds/index.html]
[lacunafund.org/fr/langue-2020-le-prix/index.html]
[lacunafund.org/wp-content/uploads/sites/11/2024/05/compress_2H6A9805-1-1024x683.jpg]
[lacunafund.org/fr/index.html]
[lacunafund.org/fr/ag2020le-prix/index.html]
[lacunafund.org/fr/agriculture/index.html]
[lacunafund.org/fr/langue/index.html]
[lacunafund.org/fr/soumettre-un-projet/index.html]
[lacunafund.org/fr/resources/index.html]
[lacunafund.org/fr/sante/index.html]
[lacunafund.org/fr/nouvelles/index.html]
[lacunafund.org/es/wp-json/wp/v2/pages/1332.json]
[lacunafund.org/es/wp-json/index.html]
[lacunafund.org/es/wp-json/oembed/1.0/embed99f2.json]
[lacunafund.org/es/index.html]
[lacunafund.org/es/wp-json/oembed/1.0/embedf61d]
[lacunafund.org/es/5454-2/index.html]
[lacunafund.org/wp-content/plugins/counter-number-pro/assets/css/font-awesome/fonts/fontawesome-webfont3e6e.eot]
[lacunafund.org/es/patrocinadores/index.html]
[lacunafund.org/es/postularse/index.html]
[lacunafund.org/es/acerca-de/index.html]
[lacunafund.org/wp-content/plugins/counter-number-pro/assets/css/font-awesome/fonts/fontawesome-webfontd41d.eot]
[lacunafund.org/es/salud/index.html]
[lacunafund.org/wp-content/plugins/counter-number-pro/assets/css/font-awesome/fonts/fontawesome-webfont3e6e.woff2]
[lacunafund.org/es/agricultura/index.html]
[lacunafund.org/es/recursos/index.html]
[lacunafund.org/es/idioma/index.html]
[lacunafund.org/wp-content/plugins/counter-number-pro/assets/css/font-awesome/fonts/fontawesome-webfont3e6e.woff]
[lacunafund.org/es/news/index.html]
[lacunafund.org/wp-content/plugins/counter-number-pro/assets/css/font-awesome/fonts/fontawesome-webfont3e6e.ttf]
[lacunafund.org/wp-content/plugins/counter-number-pro/assets/css/font-awesome/css/font-awesome.min6c2d.css]
[lacunafund.org/wp-content/plugins/counter-number-pro/assets/css/bootstrap-front6c2d.css]
[lacunafund.org/wp-content/plugins/counter-number-pro/assets/css/counter-column6c2d.css]
[lacunafund.org/wp-content/plugins/counter-number-pro/assets/css/font-awesome/fonts/fontawesome-webfont3e6e.svg]
[lacunafund.org/wp-content/plugins/ultimate-social-media-icons/css/fonts/helvetica_bold_0-webfont.eot]
[lacunafund.org/wp-content/plugins/ultimate-social-media-icons/css/fonts/helvetica_bold_0-webfontd41d.eot]
[lacunafund.org/wp-content/plugins/ultimate-social-media-icons/css/fonts/helvetica_bold_0-webfont.woff]
[lacunafund.org/wp-content/plugins/ultimate-social-media-icons/css/fonts/helvetica_bold_0-webfont.ttf]
[lacunafund.org/wp-content/plugins/ultimate-social-media-icons/css/fonts/helvetica_bold_0-webfont.svg]
[lacunafund.org/wp-content/plugins/ultimate-social-media-icons/css/fonts/helvetica_0-webfont.eot]
[lacunafund.org/wp-content/plugins/ultimate-social-media-icons/css/fonts/helvetica_0-webfontd41d.eot]
[lacunafund.org/wp-content/plugins/ultimate-social-media-icons/css/fonts/helvetica_0-webfont.woff]
[lacunafund.org/wp-content/plugins/ultimate-social-media-icons/css/fonts/helvetica_0-webfont.ttf]
[lacunafund.org/wp-content/plugins/ultimate-social-media-icons/css/fonts/helvetica_0-webfont.svg]
[lacunafund.org/wp-content/plugins/ultimate-social-media-icons/css/fonts/helveticaneue-light.eot]
[lacunafund.org/wp-content/plugins/ultimate-social-media-icons/css/fonts/helveticaneue-lightd41d.eot]
[lacunafund.org/wp-content/plugins/ultimate-social-media-icons/css/fonts/helveticaneue-light.woff]
[lacunafund.org/wp-content/plugins/ultimate-social-media-icons/css/fonts/helveticaneue-light.ttf]
[lacunafund.org/wp-content/plugins/ultimate-social-media-icons/css/fonts/helveticaneue-light.svg]
[lacunafund.org/wp-content/plugins/ultimate-social-media-icons/images/count_bg.png]
[lacunafund.org/wp-content/plugins/ultimate-social-media-icons/images/check_bg.jpg]
[lacunafund.org/wp-content/plugins/ultimate-social-media-icons/images/radio_bg.png]
[lacunafund.org/wp-content/plugins/ultimate-social-media-icons/images/select_bg.jpg]
[lacunafund.org/wp-content/plugins/ultimate-social-media-icons/images/count_bg.jpg]
[lacunafund.org/wp-content/plugins/ultimate-social-media-icons/images/select_bg1.jpg]
[lacunafund.org/wp-content/plugins/ultimate-social-media-icons/images/tab_3_list_bg.jpg]
[lacunafund.org/wp-content/plugins/ultimate-social-media-icons/images/ajax-loader.gif]
[lacunafund.org/wp-content/plugins/ultimate-social-media-icons/images/bot_tip_icn.png]
[lacunafund.org/wp-content/plugins/ultimate-social-media-icons/css/images/count_top_arow.png]
[lacunafund.org/wp-content/plugins/ultimate-social-media-icons/css/images/count_left_arow.png]
[lacunafund.org/wp-content/plugins/ultimate-social-media-icons/css/sfsi-style76ed.css]
[lacunafund.org/wp-content/plugins/wpfront-notification-bar/css/wpfront-notification-bar.min8bb8.css]
[lacunafund.org/wp-content/themes/meridian-microsite-theme/public/fonts/399A02_0_0.70afa1.woff2]
[lacunafund.org/wp-content/themes/meridian-microsite-theme/public/fonts/399A02_0_0.f3764f.woff]
[lacunafund.org/wp-content/themes/meridian-microsite-theme/public/fonts/399A02_2_0.cd2caa.woff2]
[lacunafund.org/wp-content/themes/meridian-microsite-theme/public/fonts/399A02_2_0.42d540.woff]
[lacunafund.org/wp-content/themes/meridian-microsite-theme/public/fonts/399A02_1_0.46e0f1.woff2]
[lacunafund.org/wp-content/themes/meridian-microsite-theme/public/fonts/399A02_1_0.12486a.woff]
[lacunafund.org/wp-content/themes/meridian-microsite-theme/public/fonts/399A02_3_0.193cc6.woff2]
[lacunafund.org/wp-content/themes/meridian-microsite-theme/public/fonts/399A02_3_0.a8c367.woff]
[lacunafund.org/wp-content/themes/meridian-microsite-theme/public/fonts/tt-hoves-regular.9c2c21.woff2]
[lacunafund.org/wp-content/themes/meridian-microsite-theme/public/fonts/tt-hoves-regular.c71750.woff]
[lacunafund.org/wp-content/themes/meridian-microsite-theme/public/fonts/tt-hoves-bold.d995d0.woff2]
[lacunafund.org/wp-content/themes/meridian-microsite-theme/public/fonts/tt-hoves-bold.12e775.woff]
[lacunafund.org/wp-content/themes/meridian-microsite-theme/public/fonts/tt-hoves-italic.2d22d5.woff2]
[lacunafund.org/wp-content/themes/meridian-microsite-theme/public/fonts/tt-hoves-italic.776590.woff]
[lacunafund.org/wp-content/themes/meridian-microsite-theme/public/fonts/tt-hoves-bold-italic.ad6529.woff2]
[lacunafund.org/wp-content/themes/meridian-microsite-theme/public/fonts/tt-hoves-bold-italic.60fc0a.woff]
[lacunafund.org/wp-content/themes/meridian-microsite-theme/public/fonts/georgia.ae2d35.woff2]
[lacunafund.org/wp-content/themes/meridian-microsite-theme/public/fonts/georgia.232fde.woff]
[lacunafund.org/wp-content/themes/meridian-microsite-theme/public/fonts/georgia_regular.9b5972.woff2]
[lacunafund.org/wp-content/themes/meridian-microsite-theme/public/fonts/georgia_regular.fc3e98.woff]
[lacunafund.org/wp-content/themes/meridian-microsite-theme/public/fonts/effra_regular.799eb9.woff2]
[lacunafund.org/wp-content/themes/meridian-microsite-theme/public/fonts/effra_regular.73149b.woff]
[lacunafund.org/wp-content/themes/meridian-microsite-theme/public/images/border-slant-top.e804c0.svg]
[lacunafund.org/wp-content/themes/meridian-microsite-theme/public/images/footer-bottom-right.fd4a3d.svg]
[lacunafund.org/wp-content/themes/meridian-microsite-theme/public/images/slant-across.186bef.svg]
[lacunafund.org/wp-content/themes/meridian-microsite-theme/public/images/border-flat.20a700.svg]
[lacunafund.org/wp-content/themes/meridian-microsite-theme/public/css/app.0395d5.css]
[lacunafund.org/wp-includes/js/jquery/jquery.minf43b.js]
[lacunafund.org/wp-includes/js/jquery/jquery-migrate.min5589.js]
[lacunafund.org/wp-content/plugins/wpfront-notification-bar/jquery-plugins/js-cookie.min77e6.js]
[lacunafund.org/wp-content/plugins/wpfront-notification-bar/js/wpfront-notification-bar.min8bb8.js]
[lacunafund.org/xmlrpc0db0.html]
[lacunafund.org/index9218.html]
[lacunafund.org/wp-json/wp/v2/pages/9.json]
[lacunafund.org/wp-json/oembed/1.0/embed7955.json]
[lacunafund.org/wp-json/oembed/1.0/embed0a76]
[lacunafund.org/wp-content/uploads/sites/11/2020/07/tim-oun-FjE-FyxDmlw-unsplash-scaled.jpg]
[lacunafund.org/wp-content/uploads/sites/11/2024/05/compress_2H6A9795-1-810x540.jpg]
[lacunafund.org/wp-content/uploads/sites/11/2024/05/compress_2H6A9811-1-810x540.jpg]
[lacunafund.org/wp-content/uploads/sites/11/2020/07/Lacuna-Fund_-Launch-Press-Release-Web.pdf]
[lacunafund.org/wp-content/uploads/sites/11/2024/03/20210526_103337-300x188.jpg]
[lacunafund.org/wp-content/uploads/sites/11/2024/03/CROPPED_Full-room_audio-recordings-300x183.jpg]
[lacunafund.org/wp-content/uploads/sites/11/2024/04/Developing-a-Data-Collection-protocol-scaled-e1715183109491-300x165.jpg]
[lacunafund.org/wp-content/uploads/sites/11/2024/03/Climate-Change-2-300x199.jpg]
[lacunafund.org/about/index.html]
[lacunafund.org/wp-json/wp/v2/pages/14.json]
[lacunafund.org/wp-json/oembed/1.0/embed4c8b.json]
[lacunafund.org/wp-json/oembed/1.0/embedbc0b]
[lacunafund.org/wp-content/uploads/sites/11/2025/01/20240919_Lacuna_Fund-054.jpg]
[lacunafund.org/wp-content/uploads/sites/11/2024/12/1727180979693-1-e1737759842254.jpg]
[lacunafund.org/wp-content/uploads/sites/11/2025/01/20240920_Lacuna_Fund-213-e1737759702795-810x397.jpg]
[lacunafund.org/wp-content/uploads/sites/11/2025/01/20240920_Lacuna_Fund-197-e1737759635755-810x484.jpg]
[lacunafund.org/wp-content/uploads/sites/11/2025/01/Logo-Resize_Governance-Page.png]
[lacunafund.org/wp-content/uploads/sites/11/2024/04/COI-Policy_LacunaFund.pdf]
[lacunafund.org/wp-content/uploads/sites/11/2024/04/IP-Policy_LacunaFund.pdf]
[lacunafund.org/governance/index.html]
[lacunafund.org/wp-json/wp/v2/pages/22.json]
[lacunafund.org/wp-json/oembed/1.0/embedfed7.json]
[lacunafund.org/wp-json/oembed/1.0/embedbd74]
[lacunafund.org/wp-content/uploads/sites/11/2025/01/20240920_Lacuna_Fund-157-800x600.jpg]
[lacunafund.org/wp-content/uploads/sites/11/2025/01/20240920_Lacuna_Fund-159-1-800x600.jpg]
[lacunafund.org/wp-content/uploads/sites/11/2025/01/20240920_Lacuna_Fund-227-e1737750094382-800x600.jpg]
[lacunafund.org/wp-content/uploads/sites/11/2025/01/20240920_Lacuna_Fund-177-800x600.jpg]
[lacunafund.org/steering-committee/index.html]
[lacunafund.org/wp-json/wp/v2/pages/9085.json]
[lacunafund.org/wp-json/oembed/1.0/embed8729.json]
[lacunafund.org/wp-json/oembed/1.0/embed435d]
[lacunafund.org/technical-advisory-panels/index.html]
[lacunafund.org/wp-content/uploads/sites/11/2025/01/20240919_Lacuna_Fund-017-1-e1737754803993.jpg]
[lacunafund.org/2025-climate-and-health-technical-advisory-panel/index.html]
[lacunafund.org/2024-antimicrobial-resistance/index.html]
[lacunafund.org/2024-language-technical-advisory-panel/index.html]
[lacunafund.org/2023-climate-forests-technical-advisory-panel/index.html]
[lacunafund.org/2023-sexual-reproductive-and-maternal-health-and-rights-technical-advisory-panel/index.html]
[lacunafund.org/wp-json/wp/v2/pages/12.json]
[lacunafund.org/2022-climate-technical-advisory-panels-2/index.html]
[lacunafund.org/2022-climate-and-health-technical-advisory-panel/index.html]
[lacunafund.org/2021-language-technical-advisory-panel-2/index.html]
[lacunafund.org/2021-agriculture-technical-advisory-panel/index.html]
[lacunafund.org/4124-2/index.html]
[lacunafund.org/wp-json/oembed/1.0/embed327c.json]
[lacunafund.org/language-technical-advisory-panel/index.html]
[lacunafund.org/wp-json/oembed/1.0/embed6333]
[lacunafund.org/wp-content/uploads/sites/11/2021/12/kyle-glenn-nXt5HtLmlgE-unsplash-scaled.jpg]
[lacunafund.org/wp-content/uploads/sites/11/2024/10/Updated-10242024-300x188.png]
[lacunafund.org/funders/index.html]
[lacunafund.org/wp-json/wp/v2/pages/3707.json]
[lacunafund.org/wp-json/oembed/1.0/embed93f5.json]
[lacunafund.org/wp-json/oembed/1.0/embedbd85]
[lacunafund.org/wp-content/uploads/sites/11/2022/01/lagos-techie-IgUR1iX0mqM-unsplash-scaled.jpg]
[lacunafund.org/wp-content/uploads/sites/11/2021/04/IMG_8276-810x540.jpg]
[lacunafund.org/wp-content/uploads/sites/11/2021/04/Building-Annotated-Spoekn-Corpus-Picture1.png]
[lacunafund.org/wp-content/uploads/sites/11/2024/03/Protocol-and-Tool-review-for-data-annotation-810x456.jpg]
[lacunafund.org/wp-content/uploads/sites/11/2022/01/usgs-nF1FvXdJL7o-unsplash-810x810.jpg]
[lacunafund.org/datasets/index.html]
[lacunafund.org/wp-json/wp/v2/pages/5998.json]
[lacunafund.org/wp-json/oembed/1.0/embed1c62.json]
[lacunafund.org/wp-json/oembed/1.0/embed12e8]
[lacunafund.org/datasets/agriculture/index.html]
[lacunafund.org/wp-content/uploads/sites/11/2021/12/matthieu-joannon-25EEyoY58zI-unsplash-scaled.jpg]
[lacunafund.org/wp-json/wp/v2/pages/6018.json]
[lacunafund.org/wp-json/oembed/1.0/embed24df.json]
[lacunafund.org/wp-json/oembed/1.0/embed46f5]
[lacunafund.org/datasets/language/index.html]
[lacunafund.org/wp-content/uploads/sites/11/2022/03/Untitled-design-29.png]
[lacunafund.org/announcing-new-datasets-for-african-languages-2020-natural-language-processing-nlp-awardees/index.html]
[lacunafund.org/wp-json/wp/v2/pages/10399.json]
[lacunafund.org/wp-json/oembed/1.0/embed66a1.json]
[lacunafund.org/wp-json/oembed/1.0/embed1682]
[lacunafund.org/datasets/health/index.html]
[lacunafund.org/wp-content/uploads/sites/11/2024/03/Protocol-and-Tool-review-for-data-annotation-scaled.jpg]
[lacunafund.org/wp-json/wp/v2/pages/12582.json]
[lacunafund.org/wp-json/oembed/1.0/embed305a.json]
[lacunafund.org/wp-json/oembed/1.0/embed1a63]
[lacunafund.org/wp-content/uploads/sites/11/2022/01/usgs-nF1FvXdJL7o-unsplash-scaled.jpg]
[lacunafund.org/datasets/climate/index.html]
[lacunafund.org/wp-json/wp/v2/pages/16.json]
[lacunafund.org/wp-json/oembed/1.0/embed0705.json]
[lacunafund.org/wp-json/oembed/1.0/embed2a00]
[lacunafund.org/wp-content/uploads/sites/11/2024/05/compress_2H6A9525-1-scaled.jpg]
[lacunafund.org/wp-content/uploads/sites/11/2024/06/ACTS_LOGO-Transparent-300x214.png]
[lacunafund.org/wp-content/uploads/sites/11/2024/06/Logo-CENIA-V1-300x120.png]
[lacunafund.org/wp-content/uploads/sites/11/2024/03/20210524_115922-300x188.jpg]
[lacunafund.org/past-rfps/index.html]
[lacunafund.org/wp-content/uploads/sites/11/2024/03/Protocol-and-Tool-review-for-data-annotation-300x169.jpg]
[lacunafund.org/apply/index.html]
[lacunafund.org/wp-content/uploads/sites/11/2020/09/glenn-carstens-peters-npxXWgQ33ZQ-unsplash-810x539.jpg]
[lacunafund.org/wp-json/wp/v2/pages/177.json]
[lacunafund.org/wp-json/oembed/1.0/embed9fe5.json]
[lacunafund.org/wp-json/oembed/1.0/embedb529]
[lacunafund.org/wp-content/uploads/sites/11/2020/07/field-5207335_1920.jpg]
[lacunafund.org/wp-content/uploads/sites/11/2024/03/20210526_103337-810x506.jpg]
[lacunafund.org/agriculture/index.html]
[lacunafund.org/wp-json/wp/v2/pages/5067.json]
[lacunafund.org/wp-json/oembed/1.0/embedee7f.json]
[lacunafund.org/climate/index.html]
[lacunafund.org/wp-json/oembed/1.0/embed9ef9]
[lacunafund.org/wp-json/wp/v2/pages/180.json]
[lacunafund.org/wp-json/oembed/1.0/embed81b2.json]
[lacunafund.org/wp-json/oembed/1.0/embed4ea3]
[lacunafund.org/health/index.html]
[lacunafund.org/wp-content/uploads/sites/11/2024/04/Developing-a-Data-Collection-protocol-scaled-e1715183109491-810x446.jpg]
[lacunafund.org/wp-json/wp/v2/pages/182.json]
[lacunafund.org/wp-json/oembed/1.0/embed7a47.json]
[lacunafund.org/wp-json/oembed/1.0/embedb0da]
[lacunafund.org/wp-content/uploads/sites/11/2020/07/Tech-3-crop-scaled.jpg]
[lacunafund.org/wp-content/uploads/sites/11/2024/03/CROPPED_Full-room_audio-recordings-810x493.jpg]
[lacunafund.org/language/index.html]
[lacunafund.org/wp-json/wp/v2/pages/154.json]
[lacunafund.org/wp-json/oembed/1.0/embedf176.json]
[lacunafund.org/wp-json/oembed/1.0/embedf9c3]
[lacunafund.org/wp-content/uploads/sites/11/2024/06/compress_2H6A9855-1-scaled.jpg]
[lacunafund.org/wp-content/uploads/sites/11/2024/05/Dataset-Hosting-and-Documentation-Guidance.docx.pdf]
[lacunafund.org/wp-content/uploads/sites/11/2023/03/Guidance-on-Environment-Conflict-and-Gender-GIZ.pdf]
[lacunafund.org/wp-content/uploads/sites/11/2024/10/Community-Engagement-Framework_ML-Datasets.pdf]
[lacunafund.org/wp-content/uploads/sites/11/2023/12/LacunaFund_DI_ELReport_FA_Digital-Version_22.09.23.pdf]
[lacunafund.org/wp-content/uploads/sites/11/2023/12/Lacuna-Fund-Infographic_FA_Digital-Version_21.09.23.pdf]
[lacunafund.org/wp-content/uploads/sites/11/2023/03/2020-Grantee-Lessons-Learned.pdf]
[lacunafund.org/wp-content/uploads/sites/11/2021/10/Final-Lessons-Learned-compressed.pdf]
[lacunafund.org/wp-content/uploads/sites/11/2023/06/Principles-for-Using-Public-Health-Data-to-Drive-Equity.pdf]
[lacunafund.org/wp-content/uploads/sites/11/2024/03/Lacuna-Data-Sharing.pdf]
[lacunafund.org/wp-content/uploads/sites/11/2024/04/Data-Anonymization-Guide_Lacuna-Fund.pdf]
[lacunafund.org/wp-content/uploads/sites/11/2024/07/A-Visual-Guide-to-Practical-Data-De-identification-FPF.pdf]
[lacunafund.org/resources/index.html]
[lacunafund.org/wp-json/wp/v2/pages/10975.json]
[lacunafund.org/wp-json/oembed/1.0/embedc9f0.json]
[lacunafund.org/agriculture-resources/index.html]
[lacunafund.org/wp-json/oembed/1.0/embed74ff]
[lacunafund.org/wp-json/wp/v2/pages/10978.json]
[lacunafund.org/wp-json/oembed/1.0/embedc8d1.json]
[lacunafund.org/wp-json/oembed/1.0/embed3d2e]
[lacunafund.org/wp-content/uploads/sites/11/2024/06/2024-NLP-Resources-PDF.pdf]
[lacunafund.org/wp-content/uploads/sites/11/2024/07/Low-resource-Languages-A-Review-of-Past-Work-and-Future-Challenges.pdf]
[lacunafund.org/wp-content/uploads/sites/11/2024/07/Modeling-the-Sacred-Considerations-when-Using-Religious-Texts-in-Natural-Language-Processing.pdf]
[lacunafund.org/language-resources/index.html]
[lacunafund.org/wp-content/uploads/sites/11/2020/10/NLP-Resources-2020.pdf]
[lacunafund.org/wp-json/wp/v2/pages/8990.json]
[lacunafund.org/wp-json/oembed/1.0/embed7b90.json]
[lacunafund.org/health-resources/index.html]
[lacunafund.org/wp-json/oembed/1.0/embed0d3e]
[lacunafund.org/wp-json/wp/v2/pages/8880.json]
[lacunafund.org/wp-json/oembed/1.0/embed82cf.json]
[lacunafund.org/wp-json/oembed/1.0/embed19b8]
[lacunafund.org/climate-resources/index.html]
[lacunafund.org/wp-json/wp/v2/pages/5856.json]
[lacunafund.org/fr/news/index.html]
[lacunafund.org/wp-json/oembed/1.0/embeda4c4.json]
[lacunafund.org/wp-json/oembed/1.0/embed0528]
[lacunafund.org/wp-content/uploads/sites/11/2025/03/CARD-IMAGE_FINAL-Blog-Thumbnail-18-New-Datasets.png]
[lacunafund.org/wp-content/uploads/sites/11/2024/10/final-CF-card-image.png]
[lacunafund.org/announcing-awards-for-climate-and-forests-machine-learning-datasets/index.html]
[lacunafund.org/wp-content/uploads/sites/11/2024/08/5-new-datasets_aug-2024.png]
[lacunafund.org/news/index.html]
[lacunafund.org/lacuna-fund-releases-18-new-ai-datasets-empowering-local-communities-to-tackle-challenges-in-agriculture-climate-health-and-language/index.html]
[lacunafund.org/five-new-machine-learning-datasets-in-agriculture-health-and-language-domains/index.html]
[lacunafund.org/wp-includes/fonts/dashicons7d4b.eot]
[lacunafund.org/wp-includes/fonts/dashicons7d4b.ttf]
[lacunafund.org/wp-includes/css/dashicons.min6c2d.css]
[lacunafund.org/wp-content/plugins/ninja-forms/assets/img/help-info.png]
[lacunafund.org/wp-content/plugins/ninja-forms/assets/css/display-opinions-light6c2d.css]
[lacunafund.org/wp-content/plugins/ninja-forms/assets/fonts/fontawesome-webfont3295.eot]
[lacunafund.org/wp-content/plugins/ninja-forms/assets/fonts/fontawesome-webfontd41d.eot]
[lacunafund.org/wp-content/plugins/ninja-forms/assets/fonts/fontawesome-webfont3295.woff2]
[lacunafund.org/wp-content/plugins/ninja-forms/assets/fonts/fontawesome-webfont3295.woff]
[lacunafund.org/wp-content/plugins/ninja-forms/assets/fonts/fontawesome-webfont3295.ttf]
[lacunafund.org/wp-content/plugins/ninja-forms/assets/css/font-awesome.min6c2d.css]
[lacunafund.org/wp-content/plugins/ninja-forms/assets/fonts/fontawesome-webfont3295.svg]
[lacunafund.org/Popover requires tooltip.js]
[lacunafund.org/wp-content/plugins/counter-number-pro/assets/js/bootstrap6c2d.js]
[lacunafund.org/wp-content/plugins/counter-number-pro/assets/js/waypoint6c2d.js]
[lacunafund.org/wp-content/plugins/counter-number-pro/assets/js/counter_nscript6c2d.js]
[lacunafund.org/wp-content/plugins/counter-number-pro/assets/js/jquery.counterup.min6c2d.js]
[lacunafund.org/wp-includes/js/jquery/ui/core.minb37e.js]
[lacunafund.org/wp-content/plugins/ultimate-social-media-icons/js/shuffle/modernizr.custom.min6c2d.js]
[lacunafund.org/Shuffle.js requires Modernizr]
[lacunafund.org/wp-content/plugins/ultimate-social-media-icons/js/shuffle/jquery.shuffle.min6c2d.js]
[lacunafund.org/wp-content/plugins/ultimate-social-media-icons/js/shuffle/random-shuffle-min6c2d.js]
[lacunafund.org/wp-content/plugins/ultimate-social-media-icons/js/custom76ed.js]
[lacunafund.org/wp-includes/js/dist/vendor/lodash.mind1d1.js]
[lacunafund.org/wp-content/themes/meridian-microsite-theme/public/js/575.9ffd3f.js]
[lacunafund.org/wp-content/themes/meridian-microsite-theme/public/js/145.c7708b.js]
[lacunafund.org/{n.image.sizes.large]
[lacunafund.org/wp-content/themes/meridian-microsite-theme/public/js/app.8035fa.js]
[lacunafund.org/wp-includes/js/underscore.min3ab8.js]
[lacunafund.org/wp-includes/js/backbone.minaff7.js]
[lacunafund.org/wp-content/plugins/ninja-forms/assets/js/min/front-end-deps7f22.js]
[lacunafund.org/wp-content/plugins/ninja-forms/assets/js/min/front-end7f22.js]
[lacunafund.org/fr/index9d94.html]
[lacunafund.org/fr/wp-json/wp/v2/pages/5431.json]
[lacunafund.org/fr/wp-json/oembed/1.0/embed665c.json]
[lacunafund.org/fr/wp-json/oembed/1.0/embedb979]
[lacunafund.org/wp-content/uploads/sites/11/2022/01/usgs-nF1FvXdJL7o-unsplash.jpg]
[lacunafund.org/fr/climat/index.html]
[lacunafund.org/fr/appels-a-projets-passes/index.html]
[lacunafund.org/fr/wp-json/wp/v2/pages/453.json]
[lacunafund.org/fr/wp-json/oembed/1.0/embedda37.json]
[lacunafund.org/fr/wp-json/oembed/1.0/embed110c]
[lacunafund.org/wp-content/uploads/sites/11/2020/07/tim-oun-FjE-FyxDmlw-unsplash.jpg]
[lacunafund.org/wp-content/uploads/sites/11/2020/12/national-cancer-institute-L8tWZT4CcVQ-unsplash-1-1024x683.jpg]
[lacunafund.org/wp-content/uploads/sites/11/2020/07/headway-5QgIuuBxKwM-unsplash-810x540.jpg]
[lacunafund.org/fr/apropos/index.html]
[lacunafund.org/wp-content/uploads/sites/11/2020/07/jessica-lewis-4VobVY75Nas-unsplash-1-810x540.jpg]
[lacunafund.org/fr/wp-json/wp/v2/pages/573.json]
[lacunafund.org/fr/wp-json/oembed/1.0/embed7eb1.json]
[lacunafund.org/fr/wp-json/oembed/1.0/embed016f]
[lacunafund.org/wp-content/uploads/sites/11/2020/07/john-o-nolan-Qz7qBYuKc_0-unsplash.jpg]
[lacunafund.org/wp-content/uploads/sites/11/2020/06/MI_Logo_R_RGB-2.png]
[lacunafund.org/wp-content/uploads/sites/11/2020/07/COI-Policy_LacunaFund-1.pdf]
[lacunafund.org/wp-content/uploads/sites/11/2020/07/IP-Policy_LacunaFund.pdf]
[lacunafund.org/fr/gouvernance/index.html]
[lacunafund.org/fr/wp-json/wp/v2/pages/584.json]
[lacunafund.org/fr/wp-json/oembed/1.0/embed0a26.json]
[lacunafund.org/fr/steering-committee/index.html]
[lacunafund.org/fr/wp-json/oembed/1.0/embed07b9]
[lacunafund.org/fr/wp-json/wp/v2/pages/588.json]
[lacunafund.org/2020-agriculture-technical-advisory-panel/index.html]
[lacunafund.org/fr/wp-json/oembed/1.0/embed726b.json]
[lacunafund.org/fr/groupes-consultatifs-techniques/index.html]
[lacunafund.org/fr/wp-json/oembed/1.0/embed2ae0]
[lacunafund.org/fr/wp-json/wp/v2/pages/580.json]
[lacunafund.org/fr/wp-json/oembed/1.0/embedb695.json]
[lacunafund.org/fr/wp-json/oembed/1.0/embedef0d]
[lacunafund.org/wp-content/uploads/sites/11/2021/12/kyle-glenn-nXt5HtLmlgE-unsplash.jpg]
[lacunafund.org/wp-content/uploads/sites/11/2021/12/Lacuna-Fund-Funders-Logo-1.png]
[lacunafund.org/fr/bailleursdefonds/index.html]
[lacunafund.org/fr/wp-json/wp/v2/pages/3863.json]
[lacunafund.org/fr/wp-json/oembed/1.0/embed2dd7.json]
[lacunafund.org/fr/wp-json/oembed/1.0/embedf9e8]
[lacunafund.org/wp-content/uploads/sites/11/2022/01/lagos-techie-IgUR1iX0mqM-unsplash.jpg]
[lacunafund.org/fr/ensemble-de-donnees/index.html]
[lacunafund.org/fr/wp-json/wp/v2/pages/4022.json]
[lacunafund.org/fr/wp-json/oembed/1.0/embed3f34.json]
[lacunafund.org/fr/wp-json/oembed/1.0/embede949]
[lacunafund.org/wp-content/uploads/sites/11/2021/04/NLP-markus-spiske-8OyKWQgBsKQ-unsplash.jpg]
[lacunafund.org/wp-content/uploads/sites/11/2021/04/Masakhane-MT-sketch-1587324506347-150x150.png]
[lacunafund.org/wp-content/uploads/sites/11/2021/04/UNZA-Official-Logo-2-221x300.png]
[lacunafund.org/wp-content/uploads/sites/11/2021/01/MAKERERE-AI-LAB-logo-002.png]
[lacunafund.org/wp-content/uploads/sites/11/2021/04/AshesiLogo_6cm.jpg]
[lacunafund.org/wp-content/uploads/sites/11/2021/04/Nokwary-Technologies-150x150.jpg]
[lacunafund.org/wp-content/uploads/sites/11/2021/05/KeNaLangs-300x152.png]
[lacunafund.org/wp-content/uploads/sites/11/2021/05/Bayero-University-258x300.png]
[lacunafund.org/fr/langue-2020-le-prix/index.html]
[lacunafund.org/fr/wp-json/wp/v2/pages/4016.json]
[lacunafund.org/fr/wp-json/oembed/1.0/embed751a.json]
[lacunafund.org/fr/wp-json/oembed/1.0/embeddaaa]
[lacunafund.org/wp-content/uploads/sites/11/2021/01/NM-AIST-Picture2.jpg]
[lacunafund.org/wp-content/uploads/sites/11/2021/01/Helmets-Logo-300x262.png]
[lacunafund.org/wp-content/uploads/sites/11/2021/01/University-of-Nigeria-Logo.png]
[lacunafund.org/wp-content/uploads/sites/11/2021/01/Makerere-Photo-002-810x608.jpg]
[lacunafund.org/wp-content/uploads/sites/11/2021/01/NM-AIST-Picture3-1-810x343.jpg]
[lacunafund.org/wp-content/uploads/sites/11/2021/01/NM-AIST-Logo1-300x294.jpg]
[lacunafund.org/wp-content/uploads/sites/11/2021/01/Zindi-Avatar-Dark-002-300x300.png]
[lacunafund.org/wp-content/uploads/sites/11/2021/01/ACRE-Farmer-in-Tharaka-Nithi-County-demonstrating-how-to-take-pcitures-with-the-smart-phone-002-810x608.jpg]
[lacunafund.org/wp-content/uploads/sites/11/2021/01/acre-logo.png]
[lacunafund.org/wp-content/uploads/sites/11/2021/01/IFPRI-logo.png]
[lacunafund.org/fr/ag2020le-prix/index.html]
[lacunafund.org/fr/wp-json/wp/v2/pages/563.json]
[lacunafund.org/fr/wp-json/oembed/1.0/embed2a8d.json]
[lacunafund.org/fr/wp-json/oembed/1.0/embedba91]
[lacunafund.org/wp-content/uploads/sites/11/2024/06/compress_2H6A9855-1.jpg]
[lacunafund.org/wp-content/uploads/sites/11/2024/06/ES_Antimicrobial-Resistance-2024-RFP-Lacuna-Fund.pdf]
[lacunafund.org/wp-content/uploads/sites/11/2024/06/FR_Antimicrobial-Resistance-2024-RFP-Lacuna-Fund.pdf]
[lacunafund.org/wp-content/uploads/sites/11/2024/06/PT_Antimicrobial-Resistance-2024-RFP-Lacuna-Fund.pdf]
[lacunafund.org/wp-content/uploads/sites/11/2024/06/Natural-Language-Processing-RFP-2024-Lacuna-Fund.pdf]
[lacunafund.org/wp-content/uploads/sites/11/2024/06/ES_Natural-Language-Processing-RFP-2024-Lacuna-Fund.pdf]
[lacunafund.org/wp-content/uploads/sites/11/2024/06/FR_Natural-Language-Processing-RFP-2024-Lacuna-Fund.pdf]
[lacunafund.org/wp-content/uploads/sites/11/2024/06/PT_Natural-Language-Processing-RFP-2024-Lacuna-Fund.pdf]
[lacunafund.org/wp-content/uploads/sites/11/2024/07/Applicant-Webinar-Slides-NLP-2024_English.pdf]
[lacunafund.org/wp-content/uploads/sites/11/2024/07/Applicant-Webinar-Slides-NLP-2024_French.pdf]
[lacunafund.org/wp-content/uploads/sites/11/2024/07/Applicant-Webinar-Slides-NLP-2024_Portugues.pdf]
[lacunafund.org/wp-content/uploads/sites/11/2024/07/Applicant-Webinar-Slides-NLP-2024_Spanish.pdf]
[lacunafund.org/wp-content/uploads/sites/11/2024/08/Applicant-Webinar-Slides-AMR_English.pdf]
[lacunafund.org/wp-content/uploads/sites/11/2024/08/Applicant-Webinar-Slides-AMR_Portuguese.pdf]
[lacunafund.org/wp-content/uploads/sites/11/2024/08/Applicant-Webinar-Slides-AMR_French.pdf]
[lacunafund.org/wp-content/uploads/sites/11/2024/08/Applicant-Webinar-Slides-AMR_Spanish.pdf]
[lacunafund.org/wp-content/uploads/sites/11/2024/07/Questions-Answers-AMR-2024_ENGLISH.pdf]
[lacunafund.org/wp-content/uploads/sites/11/2024/07/Questions-Answers-AMR-2024_FRENCH.pdf]
[lacunafund.org/wp-content/uploads/sites/11/2024/07/Questions-Answers-AMR-2024_PORTUGUESE.pdf]
[lacunafund.org/wp-content/uploads/sites/11/2024/07/Questions-Answers-AMR-2024_SPANISH.pdf]
[lacunafund.org/wp-content/uploads/sites/11/2024/07/Questions-Answers-NLP-2024_ENGLISH.pdf]
[lacunafund.org/wp-content/uploads/sites/11/2024/07/Questions-Answers-NLP-2024_FRENCH.pdf]
[lacunafund.org/wp-content/uploads/sites/11/2024/07/Questions-Answers-NLP-2024_PORTUGUESE.pdf]
[lacunafund.org/wp-content/uploads/sites/11/2024/07/Questions-Answers-NLP-2024_SPANISH.pdf]
[lacunafund.org/wp-content/uploads/sites/11/2024/07/Application-Questions-2024-RFPs-ENGLISH.pdf]
[lacunafund.org/wp-content/uploads/sites/11/2024/07/Preguntas-de-aplicacion-2024-RFPs-ESPANOL.pdf]
[lacunafund.org/wp-content/uploads/sites/11/2024/07/Questions-dapplication-2024-RFPs-FRANCAIS.pdf]
[lacunafund.org/wp-content/uploads/sites/11/2024/07/Perguntas-sobre-a-candidatura-RFP-2024-PORTUGUES.pdf]
[lacunafund.org/fr/soumettre-un-projet/index.html]
[lacunafund.org/fr/wp-json/wp/v2/pages/1457.json]
[lacunafund.org/fr/wp-json/oembed/1.0/embed52c9.json]
[lacunafund.org/fr/agriculture/index.html]
[lacunafund.org/fr/wp-json/oembed/1.0/embed237e]
[lacunafund.org/fr/wp-json/wp/v2/pages/596.json]
[lacunafund.org/fr/wp-json/oembed/1.0/embede76d.json]
[lacunafund.org/fr/wp-json/oembed/1.0/embedeb51]
[lacunafund.org/wp-content/uploads/sites/11/2020/07/Tech-3-crop.jpg]
[lacunafund.org/fr/langue/index.html]
[lacunafund.org/fr/wp-json/wp/v2/pages/593.json]
[lacunafund.org/fr/wp-json/oembed/1.0/embed715f.json]
[lacunafund.org/fr/wp-json/oembed/1.0/embed66db]
[lacunafund.org/wp-content/uploads/sites/11/2022/01/national-cancer-institute-NFvdKIhxYlU-unsplash-e1641602918398.jpg]
[lacunafund.org/fr/sante/index.html]
[lacunafund.org/fr/wp-json/wp/v2/pages/1376.json]
[lacunafund.org/fr/annonce-des-subventions-pour-les-ensembles-de-donnees-sur-la-sante/index.html]
[lacunafund.org/fr/wp-json/oembed/1.0/embed41ab.json]
[lacunafund.org/fr/wp-json/oembed/1.0/embeddcf9]
[lacunafund.org/fr/resources/index.html]
[lacunafund.org/wp-content/uploads/sites/11/2020/07/anastasia-dulgier-hTqezq8WXR8-unsplash-scaled.jpg]
[lacunafund.org/fr/wp-json/wp/v2/pages/6662.json]
[lacunafund.org/fr/wp-json/oembed/1.0/embed7c64.json]
[lacunafund.org/fr/wp-json/oembed/1.0/embed1852]
[lacunafund.org/wp-content/uploads/sites/11/2023/09/Untitled-design-29-1.png]
[lacunafund.org/wp-content/uploads/sites/11/2023/09/Kigali-2023-Group-Photo.jpg]
[lacunafund.org/fr/partager-notre-voix-a-travers-les-donnees/index.html]
[lacunafund.org/wp-content/uploads/sites/11/2023/05/Dataset-ann.-card.png]
[lacunafund.org/fr/nouvelles/index.html]
[lacunafund.org/es/index59cc.html]
[lacunafund.org/fr/9689/index.html]
[lacunafund.org/fr/deux-nouveaux-ensembles-de-donnees-disponibles-sur-lagriculture-et-les-langues-reunion-des-beneficiaires-de-subventions-2023/index.html]
[lacunafund.org/es/wp-json/wp/v2/pages/5454.json]
[lacunafund.org/es/wp-json/oembed/1.0/embedbc78.json]
[lacunafund.org/es/5454-2/index.html]
[lacunafund.org/es/wp-json/oembed/1.0/embed9fdb]
[lacunafund.org/es/wp-json/wp/v2/pages/4145.json]
[lacunafund.org/es/wp-json/oembed/1.0/embed9add.json]
[lacunafund.org/es/acerca-de/index.html]
[lacunafund.org/es/wp-json/oembed/1.0/embed96a3]
[lacunafund.org/es/wp-json/wp/v2/pages/4169.json]
[lacunafund.org/es/wp-json/oembed/1.0/embed9c94.json]
[lacunafund.org/es/patrocinadores/index.html]
[lacunafund.org/es/wp-json/oembed/1.0/embed5f56]
[lacunafund.org/es/wp-json/wp/v2/pages/4183.json]
[lacunafund.org/es/wp-json/oembed/1.0/embed290f.json]
[lacunafund.org/es/wp-json/oembed/1.0/embedd97c]
[lacunafund.org/wp-content/uploads/sites/11/2024/06/Antimicrobial-Resistance-2024-RFP-Lacuna-Fund.pdf]
[lacunafund.org/wp-content/uploads/sites/11/2024/06/google.org_color_852x272px-300x63.png]
[lacunafund.org/wp-content/uploads/sites/11/2024/06/wellcome-logo-black.png]
[lacunafund.org/es/postularse/index.html]
[lacunafund.org/es/wp-json/wp/v2/pages/4200.json]
[lacunafund.org/es/wp-json/oembed/1.0/embed1dcc.json]
[lacunafund.org/es/agricultura/index.html]
[lacunafund.org/es/wp-json/oembed/1.0/embedaf9c]
[lacunafund.org/es/wp-json/wp/v2/pages/4202.json]
[lacunafund.org/es/wp-json/oembed/1.0/embed6caa.json]
[lacunafund.org/es/idioma/index.html]
[lacunafund.org/es/wp-json/oembed/1.0/embedfa70]
[lacunafund.org/es/wp-json/wp/v2/pages/4140.json]
[lacunafund.org/es/wp-json/oembed/1.0/embedc18a.json]
[lacunafund.org/es/wp-json/oembed/1.0/embed24a2]
[lacunafund.org/es/salud/index.html]
[lacunafund.org/wp-content/uploads/sites/11/2022/01/national-cancer-institute-NFvdKIhxYlU-unsplash-e1641835631165.jpg]
[lacunafund.org/announcing-awards-for-health-datasets/index.html]
[lacunafund.org/es/wp-json/wp/v2/pages/4208.json]
[lacunafund.org/es/oportunidades-de-financiacion-anteriores/index.html]
[lacunafund.org/es/wp-json/oembed/1.0/embed2ae6.json]
[lacunafund.org/es/wp-json/oembed/1.0/embedb769]
[lacunafund.org/es/recursos/index.html]
[lacunafund.org/es/wp-json/wp/v2/pages/7234.json]
[lacunafund.org/es/wp-json/oembed/1.0/embed1a2d.json]
[lacunafund.org/es/wp-json/oembed/1.0/embedd9da]
[lacunafund.org/wp-content/uploads/sites/11/2024/12/Final.png]
[lacunafund.org/es/news/index.html]
[lacunafund.org/wp-content/plugins/counter-number-pro/assets/css/font-awesome/fonts/fontawesome-webfont3e6e.svg]
[lacunafund.org/wp-content/plugins/ultimate-social-media-icons/css/fonts/helvetica_bold_0-webfont.svg]
[lacunafund.org/wp-content/plugins/ultimate-social-media-icons/css/fonts/helvetica_0-webfont.svg]
[lacunafund.org/wp-content/plugins/ultimate-social-media-icons/css/fonts/helveticaneue-light.svg]
[lacunafund.org/wp-content/themes/meridian-microsite-theme/public/images/border-slant-top.e804c0.svg]
[lacunafund.org/wp-content/themes/meridian-microsite-theme/public/images/footer-bottom-right.fd4a3d.svg]
[lacunafund.org/wp-content/themes/meridian-microsite-theme/public/images/slant-across.186bef.svg]
[lacunafund.org/wp-content/themes/meridian-microsite-theme/public/images/border-flat.20a700.svg]
[lacunafund.org/indexb5fb.html]
[lacunafund.org/index9c8d.html]
[lacunafund.org/index0b69.html]
[lacunafund.org/index0369.html]
[lacunafund.org/index0345.html]
[lacunafund.org/indexf6ed.html]
[lacunafund.org/indexbe15.html]
[lacunafund.org/index2479.html]
[lacunafund.org/es/index7a03.html]
[lacunafund.org/es/resumen-del-ano-reunion-de-beneficiarios-e-hitos-de-2024-de-lacuna-fund/index.html]
[lacunafund.org/wp-json/wp/v2/pages/12710.json]
[lacunafund.org/es/anuncio-de-premios-para-conjuntos-de-datos-de-aprendizaje-automatico-sobre-clima-y-bosques/index.html]
[lacunafund.org/wp-json/oembed/1.0/embed6c1f.json]
[lacunafund.org/wp-json/oembed/1.0/embed590e]
[lacunafund.org/2025-climate-and-health-technical-advisory-panel/index.html]
[lacunafund.org/wp-json/wp/v2/pages/11160.json]
[lacunafund.org/wp-json/oembed/1.0/embede059.json]
[lacunafund.org/wp-json/oembed/1.0/embedef2b]
[lacunafund.org/2024-antimicrobial-resistance/index.html]
[lacunafund.org/wp-json/wp/v2/pages/11172.json]
[lacunafund.org/wp-json/oembed/1.0/embed7711.json]
[lacunafund.org/wp-json/oembed/1.0/embed1666]
[lacunafund.org/2024-language-technical-advisory-panel/index.html]
[lacunafund.org/wp-json/wp/v2/pages/8645.json]
[lacunafund.org/wp-json/oembed/1.0/embedff04.json]
[lacunafund.org/wp-json/oembed/1.0/embed3d58]
[lacunafund.org/2023-climate-forests-technical-advisory-panel/index.html]
[lacunafund.org/wp-json/wp/v2/pages/8678.json]
[lacunafund.org/wp-json/oembed/1.0/embed7928.json]
[lacunafund.org/2023-sexual-reproductive-and-maternal-health-and-rights-technical-advisory-panel/index.html]
[lacunafund.org/wp-json/oembed/1.0/embeda999]
[lacunafund.org/wp-json/wp/v2/pages/7332.json]
[lacunafund.org/wp-json/oembed/1.0/embed1b89.json]
[lacunafund.org/2022-climate-and-health-technical-advisory-panel/index.html]
[lacunafund.org/wp-json/oembed/1.0/embed041c]
[lacunafund.org/wp-json/wp/v2/pages/7318.json]
[lacunafund.org/wp-json/oembed/1.0/embed72e1.json]
[lacunafund.org/2022-climate-technical-advisory-panels-2/index.html]
[lacunafund.org/wp-json/oembed/1.0/embed85f0]
[lacunafund.org/wp-json/wp/v2/pages/6177.json]
[lacunafund.org/wp-json/oembed/1.0/embed0e3e.json]
[lacunafund.org/2021-language-technical-advisory-panel-2/index.html]
[lacunafund.org/wp-json/oembed/1.0/embede92f]
[lacunafund.org/wp-json/wp/v2/pages/4422.json]
[lacunafund.org/wp-json/oembed/1.0/embed542e.json]
[lacunafund.org/2021-agriculture-technical-advisory-panel/index.html]
[lacunafund.org/wp-json/oembed/1.0/embed9df9]
[lacunafund.org/wp-json/wp/v2/pages/4124.json]
[lacunafund.org/wp-json/oembed/1.0/embedbc0b.json]
[lacunafund.org/wp-json/oembed/1.0/embed05f9]
[lacunafund.org/4124-2/index.html]
[lacunafund.org/wp-json/wp/v2/pages/3460.json]
[lacunafund.org/wp-json/oembed/1.0/embed2723.json]
[lacunafund.org/wp-json/oembed/1.0/embed2fb9]
[lacunafund.org/language-technical-advisory-panel/index.html]
[lacunafund.org/technical-advisory-panel/index.html]
[lacunafund.org/index678b.html]
[lacunafund.org/index87c0.html]
[lacunafund.org/index89d1.html]
[lacunafund.org/index2a8f.html]
[lacunafund.org/health-2/index.html]
[lacunafund.org/index2242.html]
[lacunafund.org/indexbd04.html]
[lacunafund.org/indexc116.html]
[lacunafund.org/wp-json/wp/v2/posts/7503.json]
[lacunafund.org/wp-json/oembed/1.0/embedee0e.json]
[lacunafund.org/wp-json/oembed/1.0/embed378c]
[lacunafund.org/announcing-new-datasets-for-african-languages-2020-natural-language-processing-nlp-awardees/index.html]
[lacunafund.org/wp-content/uploads/sites/11/2022/12/NLP-2020-datasets-image.png]
[lacunafund.org/indexc86c.html]
[lacunafund.org/index8e34.html]
[lacunafund.org/index6100.html]
[lacunafund.org/index270f.html]
[lacunafund.org/index0e62.html]
[lacunafund.org/index32e0.html]
[lacunafund.org/wp-json/wp/v2/pages/3345.json]
[lacunafund.org/wp-json/oembed/1.0/embed7590.json]
[lacunafund.org/wp-json/oembed/1.0/embed2e30]
[lacunafund.org/wp-content/uploads/sites/11/2020/09/matthieu-joannon-25EEyoY58zI-unsplash-scaled.jpg]
[lacunafund.org/wp-content/uploads/sites/11/2023/03/Climate-and-Forests-2023-RFP-Final.pdf]
[lacunafund.org/wp-content/uploads/sites/11/2023/03/SRMHR-2023-RFP-Final.pdf]
[lacunafund.org/wp-content/uploads/sites/11/2023/04/CF-2023-Applicant-Webinar-Slides.pdf]
[lacunafund.org/wp-content/uploads/sites/11/2023/04/Final-CF-QA-English-2.pdf]
[lacunafund.org/wp-content/uploads/sites/11/2023/04/Climate-Forests-Procurement-Requirements.pdf]
[lacunafund.org/wp-content/uploads/sites/11/2023/03/Slides_SRMHR-Applicant-Webinar_23Mar2023.pdf]
[lacunafund.org/wp-content/uploads/sites/11/2023/04/QA-SRMHR-20231.pdf]
[lacunafund.org/wp-content/uploads/sites/11/2022/04/Climate-and-Health-RFP-Final.pdf]
[lacunafund.org/wp-content/uploads/sites/11/2022/04/Climate-and-Energy-RFP-Final.pdf]
[lacunafund.org/wp-content/uploads/sites/11/2022/05/Climate-2022-Applicant-Webinar-Slides.pdf]
[lacunafund.org/wp-content/uploads/sites/11/2022/06/QA-Climate-2022.pdf]
[lacunafund.org/wp-content/uploads/sites/11/2021/10/EOI_2021NLP_EN.pdf]
[lacunafund.org/wp-content/uploads/sites/11/2021/06/EOI_EN_Final.pdf]
[lacunafund.org/wp-content/uploads/sites/11/2021/07/QA-EH-EOI-Stage-Second-Round-1.pdf]
[lacunafund.org/wp-content/uploads/sites/11/2020/09/RFP-Language_23-Sept-1.pdf]
[lacunafund.org/wp-content/uploads/sites/11/2020/09/Language-RFP-Template-Budget-by-Deliverable.xlsx]
[lacunafund.org/wp-content/uploads/sites/11/2020/10/QA-Language-RFP-2020-Final-revised.pdf]
[lacunafund.org/wp-content/uploads/sites/11/2020/10/2Oct_RFP_Slides.pdf]
[lacunafund.org/past-rfps/index.html]
[lacunafund.org/indexb7c7.html]
[lacunafund.org/index8f61.html]
[lacunafund.org/index0160.html]
[lacunafund.org/index55d9.html]
[lacunafund.org/index2586.html]
[lacunafund.org/index3a11.html]
[lacunafund.org/index7b17.html]
[lacunafund.org/index87e6.html]
[lacunafund.org/indexc037.html]
[lacunafund.org/indexdaa2.html]
[lacunafund.org/index0dd4.html]
[lacunafund.org/indexd719.html]
[lacunafund.org/index1c25.html]
[lacunafund.org/index9394.html]
[lacunafund.org/indexa1d4.html]
[lacunafund.org/indexb81d.html]
[lacunafund.org/index8831.html]
[lacunafund.org/fr/wp-json/wp/v2/pages/7233.json]
[lacunafund.org/fr/wp-json/oembed/1.0/embedbf29.json]
[lacunafund.org/fr/news/index.html]
[lacunafund.org/fr/wp-json/oembed/1.0/embed0606]
[lacunafund.org/indexdd7a.html]
[lacunafund.org/index0e95.html]
[lacunafund.org/fr/bilan-de-lannee-reunion-des-beneficiaires-du-lacuna-fund-et-moments-forts-de-2024/index.html]
[lacunafund.org/es/lacuna-fund-publica-18-nuevos-conjuntos-de-dato/index.html]
[lacunafund.org/fr/le-lacuna-fund-publie-18-nouveaux-ensembles-de-/index.html]
[lacunafund.org/wp-json/wp/v2/posts/12593.json]
[lacunafund.org/fr/annonce-des-subventions-pour-les-ensembles-de-donnees-dapprentissage-machine-sur-le-climat-et-les-forets/index.html]
[lacunafund.org/wp-json/oembed/1.0/embed0551.json]
[lacunafund.org/wp-json/oembed/1.0/embed4c05]
[lacunafund.org/wp-content/uploads/sites/11/2025/03/HEADER-IMAGE-FINAL-18-New-Datasets-2-300x169.png]
[lacunafund.org/wp-content/uploads/sites/11/2025/03/Lacuna-Fund-Funders-Collage-2025-300x188.png]
[lacunafund.org/lacuna-fund-releases-18-new-ai-datasets-empowering-local-communities-to-tackle-challenges-in-agriculture-climate-health-and-language/index.html]
[lacunafund.org/wp-json/wp/v2/posts/11950.json]
[lacunafund.org/wp-json/oembed/1.0/embed4b71.json]
[lacunafund.org/wp-json/oembed/1.0/embed253a]
[lacunafund.org/wp-content/uploads/sites/11/2024/10/final-CF-card-image-300x169.png]
[lacunafund.org/wp-content/uploads/sites/11/2024/10/EcoCiencia_Logotipo_H-300x118.png]
[lacunafund.org/wp-content/uploads/sites/11/2024/10/WRI-logo-300x103.jpg]
[lacunafund.org/wp-content/uploads/sites/11/2024/10/GEO-Indigenous-Alliance-logo-e1730138219189-300x121.png]
[lacunafund.org/wp-content/uploads/sites/11/2024/10/Logo_data354-300x83.png]
[lacunafund.org/wp-content/uploads/sites/11/2024/10/CERSGIS_Logo-300x157.png]
[lacunafund.org/wp-content/uploads/sites/11/2024/10/DeKUT-Logo-300x153.png]
[lacunafund.org/wp-content/uploads/sites/11/2024/10/DSAIL-Logo-Black-300x91.png]
[lacunafund.org/wp-content/uploads/sites/11/2024/10/muk.png]
[lacunafund.org/wp-content/uploads/sites/11/2024/10/SU_horizontal-logo-300x102.jpg]
[lacunafund.org/wp-content/uploads/sites/11/2024/10/LABEF-LOGO-FINAL-01-300x223.jpg]
[lacunafund.org/wp-content/uploads/sites/11/2024/10/RECOFTC-Horizontal-logo-300x67.png]
[lacunafund.org/wp-content/uploads/sites/11/2024/10/Vertify_logo-e1730138861874.jpg]
[lacunafund.org/wp-content/uploads/sites/11/2024/10/icipe-logo.png]
[lacunafund.org/wp-content/uploads/sites/11/2024/10/cttc_logo_blanco-300x97.jpg]
[lacunafund.org/wp-content/uploads/sites/11/2024/10/University-of-Energy-and-Natural-Resources-Logo-CF-300x289.png]
[lacunafund.org/announcing-awards-for-climate-and-forests-machine-learning-datasets/index.html]
[lacunafund.org/wp-json/wp/v2/posts/11559.json]
[lacunafund.org/wp-json/oembed/1.0/embedab12.json]
[lacunafund.org/wp-json/oembed/1.0/embed7b51]
[lacunafund.org/wp-content/uploads/sites/11/2024/08/5-new-datasets_aug-2024-300x169.png]
[lacunafund.org/wp-content/uploads/sites/11/2024/08/Funders-Collage-2024-300x188.png]
[lacunafund.org/five-new-machine-learning-datasets-in-agriculture-health-and-language-domains/index.html]
[lacunafund.org/wp-content/plugins/ninja-forms/assets/fonts/fontawesome-webfont3295.svg]
[lacunafund.org/Popover requires tooltip.html]
[lacunafund.org/Shuffle.html]
[lacunafund.org/{n.image.sizes.html]
[lacunafund.org/fr/index34da.html]
[lacunafund.org/fr/index6cc7.html]
[lacunafund.org/fr/wp-json/wp/v2/pages/3356.json]
[lacunafund.org/fr/wp-json/oembed/1.0/embed1af2.json]
[lacunafund.org/fr/wp-json/oembed/1.0/embedb911]
[lacunafund.org/wp-content/uploads/sites/11/2020/09/matthieu-joannon-25EEyoY58zI-unsplash.jpg]
[lacunafund.org/wp-content/uploads/sites/11/2023/03/Climate-and-Forests-2023-RFP-Final_FR.pdf]
[lacunafund.org/wp-content/uploads/sites/11/2023/03/SRMHR-2023-RFP-Final_FR.pdf]
[lacunafund.org/wp-content/uploads/sites/11/2023/04/Final-CF-QA-English-1_FRok.pdf]
[lacunafund.org/wp-content/uploads/sites/11/2023/04/QA-SRMHR-20231_FRok.pdf]
[lacunafund.org/wp-content/uploads/sites/11/2022/04/Climate-and-Health-RFP-Final-FR.pdf]
[lacunafund.org/wp-content/uploads/sites/11/2022/04/Climate-and-Energy-RFP-Final-FR.pdf]
[lacunafund.org/wp-content/uploads/sites/11/2022/06/QA-Climate-2022_FR.pdf]
[lacunafund.org/wp-content/uploads/sites/11/2021/06/EOI_FR_Final-1-1.pdf]
[lacunafund.org/wp-content/uploads/sites/11/2021/07/QA-EH-EOI-Stage-Second-Round_FR.pdf]
[lacunafund.org/wp-content/uploads/sites/11/2020/07/Lacuna-Fund-RFP-Agriculture_RFP_Final_FR.pdf]
[lacunafund.org/wp-content/uploads/sites/11/2020/07/Template-Budget-by-Deliverable_FR.xlsx]
[lacunafund.org/wp-content/uploads/sites/11/2020/08/QA-Agriculture-RFP-2020_FINAL_FR-v2.pdf]
[lacunafund.org/wp-content/uploads/sites/11/2020/08/Introducing-Lacuna-Fund_31July.pdf]
[lacunafund.org/wp-content/uploads/sites/11/2020/08/Ag-RFP-Summary_31July.pdf]
[lacunafund.org/wp-content/uploads/sites/11/2020/09/FR-RFP-Language_23-Sept.pdf]
[lacunafund.org/wp-content/uploads/sites/11/2020/09/Language-RFP-Template-Budget-by-Deliverable_FR.xlsx]
[lacunafund.org/wp-content/uploads/sites/11/2020/10/Revised-QA-Language-RFP-2020-Clean_FR.pdf]
[lacunafund.org/fr/appels-a-projets-passes/index.html]
[lacunafund.org/fr/index06d3.html]
[lacunafund.org/fr/index6617.html]
[lacunafund.org/fr/indexa1e2.html]
[lacunafund.org/fr/index0274.html]
[lacunafund.org/fr/index63e6.html]
[lacunafund.org/fr/index17d2.html]
[lacunafund.org/wp-json/wp/v2/pages/36.json]
[lacunafund.org/wp-json/oembed/1.0/embed4437.json]
[lacunafund.org/wp-json/oembed/1.0/embed7024]
[lacunafund.org/2020-agriculture-technical-advisory-panel/index.html]
[lacunafund.org/fr/indexc535.html]
[lacunafund.org/fr/indexb55b.html]
[lacunafund.org/fr/index5b8d.html]
[lacunafund.org/fr/indexc3f5.html]
[lacunafund.org/fr/indexcc64.html]
[lacunafund.org/fr/index29a7.html]
[lacunafund.org/fr/index3f83.html]
[lacunafund.org/fr/indexb69e.html]
[lacunafund.org/fr/index382a.html]
[lacunafund.org/fr/index85b7.html]
[lacunafund.org/fr/index03c9.html]
[lacunafund.org/fr/index2594.html]
[lacunafund.org/fr/index86f6.html]
[lacunafund.org/fr/indexaac1.html]
[lacunafund.org/fr/indexbc2b.html]
[lacunafund.org/fr/index30b9.html]
[lacunafund.org/fr/index4808.html]
[lacunafund.org/fr/index2f3f.html]
[lacunafund.org/fr/wp-json/wp/v2/posts/6540.json]
[lacunafund.org/fr/wp-json/oembed/1.0/embed240c.json]
[lacunafund.org/fr/wp-json/oembed/1.0/embed48e8]
[lacunafund.org/wp-content/uploads/sites/11/2022/05/irwan-iwe-rbDE93-0hHs-unsplash-1280x960.jpg]
[lacunafund.org/wp-content/uploads/sites/11/2022/05/lacuna-our-logo-300x142.png]
[lacunafund.org/wp-content/uploads/sites/11/2022/05/Field_photo-300x225.jpg]
[lacunafund.org/wp-content/uploads/sites/11/2022/05/Lagos-Brats-Process-SKetch2-300x174.png]
[lacunafund.org/wp-content/uploads/sites/11/2022/05/logo-286x300.jpg]
[lacunafund.org/wp-content/uploads/sites/11/2022/05/logo-uai-300x99.jpg]
[lacunafund.org/wp-content/uploads/sites/11/2022/05/Untitled-design-32-300x169.png]
[lacunafund.org/wp-content/uploads/sites/11/2022/05/Capture-300x131.jpg]
[lacunafund.org/fr/annonce-des-subventions-pour-les-ensembles-de-donnees-sur-la-sante/index.html]
[lacunafund.org/fr/indexf05d.html]
[lacunafund.org/fr/index0bf5.html]
[lacunafund.org/fr/index7c81.html]
[lacunafund.org/fr/indexa1a5.html]
[lacunafund.org/fr/wp-json/wp/v2/posts/9670.json]
[lacunafund.org/fr/wp-json/oembed/1.0/embedbc79.json]
[lacunafund.org/fr/wp-json/oembed/1.0/embed5ec3]
[lacunafund.org/wp-content/uploads/sites/11/2023/09/Use-this-header-300x84.png]
[lacunafund.org/wp-content/uploads/sites/11/2023/09/Add-a-heading-3-300x124.png]
[lacunafund.org/fr/annonce-des-projets-finances-dans-le-domaine-de-lagriculture/index.html]
[lacunafund.org/wp-content/uploads/sites/11/2023/09/0dc1e571-baca-473a-b2ac-7661cf36e9fb-300x137.jpg]
[lacunafund.org/wp-content/uploads/sites/11/2023/09/INSTAGRAM-1080-X-1080-v3-300x300.jpg]
[lacunafund.org/fr/partager-notre-voix-a-travers-les-donnees/index.html]
[lacunafund.org/announcing-our-inaugural-round-of-funding-for-agricultural-datasets-for-ai/index.html]
[lacunafund.org/fr/wp-json/wp/v2/posts/9689.json]
[lacunafund.org/fr/wp-json/oembed/1.0/embede39a.json]
[lacunafund.org/fr/wp-json/oembed/1.0/embedae59]
[lacunafund.org/wp-content/uploads/sites/11/2023/08/GROUP-Photo-300x200.jpg]
[lacunafund.org/wp-content/uploads/sites/11/2023/09/A.-MASTIN-for-Science-300x198.jpg]
[lacunafund.org/wp-content/uploads/sites/11/2023/08/AI-often-mangles-African-languages.-Local-scientists-and-volunteers-are-taking-it-back-to-school-_-Science-_-AAAS.pdf]
[lacunafund.org/wp-content/uploads/sites/11/2023/09/Jade-Abbott-Quote-300x91.jpg]
[lacunafund.org/fr/annonce-des-subventions-pour-les-ensembles-de-donnees-sur-le-climat-sante-et-energie/index.html]
[lacunafund.org/wp-content/uploads/sites/11/2023/08/f5fde60a-8b38-4415-b5c9-64874452bfb4-300x194.jpg]
[lacunafund.org/fr/9689/index.html]
[lacunafund.org/fr/wp-json/wp/v2/posts/9225.json]
[lacunafund.org/fr/wp-json/oembed/1.0/embedbf0a.json]
[lacunafund.org/fr/wp-json/oembed/1.0/embed98a4]
[lacunafund.org/wp-content/uploads/sites/11/2023/05/Dataset-ann.-card-1280x914.png]
[lacunafund.org/fr/deux-nouveaux-ensembles-de-donnees-disponibles-sur-lagriculture-et-les-langues-reunion-des-beneficiaires-de-subventions-2023/index.html]
[lacunafund.org/es/indexa4a0.html]
[lacunafund.org/es/index11e4.html]
[lacunafund.org/es/indexac86.html]
[lacunafund.org/es/index4716.html]
[lacunafund.org/es/index88b7.html]
[lacunafund.org/es/index7603.html]
[lacunafund.org/es/index1bd5.html]
[lacunafund.org/es/index6e4e.html]
[lacunafund.org/es/index55da.html]
[lacunafund.org/es/indexf3d6.html]
[lacunafund.org/wp-json/wp/v2/posts/6509.json]
[lacunafund.org/wp-json/oembed/1.0/embed0f75.json]
[lacunafund.org/announcing-awards-for-health-datasets/index.html]
[lacunafund.org/wp-json/oembed/1.0/embed2322]
[lacunafund.org/es/wp-json/wp/v2/pages/8718.json]
[lacunafund.org/es/wp-json/oembed/1.0/embed89d9.json]
[lacunafund.org/es/wp-json/oembed/1.0/embede9c9]
[lacunafund.org/wp-content/uploads/sites/11/2021/12/matthieu-joannon-25EEyoY58zI-unsplash.jpg]
[lacunafund.org/wp-content/uploads/sites/11/2023/03/Climate-and-Forests-2023-RFP-Final_ES.pdf]
[lacunafund.org/wp-content/uploads/sites/11/2023/04/Final-CF-QA-English-1-ESok.pdf]
[lacunafund.org/wp-content/uploads/sites/11/2022/04/Climate-and-Health-RFP-Final-ES.pdf]
[lacunafund.org/wp-content/uploads/sites/11/2022/04/Climate-and-Energy-RFP-Final-ES.pdf]
[lacunafund.org/wp-content/uploads/sites/11/2022/06/QA-Climate-2022-ES.pdf]
[lacunafund.org/es/oportunidades-de-financiacion-anteriores/index.html]
[lacunafund.org/es/indexd2b3.html]
[lacunafund.org/es/indexd2f2.html]
[lacunafund.org/es/indexea76.html]
[lacunafund.org/es/index7a03.html]
[lacunafund.org/es/wp-json/wp/v2/posts/12234.json]
[lacunafund.org/year-in-review-lacuna-funds-grantee-convening-and-2024-highlights/index.html]
[lacunafund.org/es/wp-json/oembed/1.0/embed56e7.json]
[lacunafund.org/es/wp-json/oembed/1.0/embedecd2]
[lacunafund.org/wp-content/uploads/sites/11/2024/12/Funders-Collage-2024-300x188.png]
[lacunafund.org/wp-content/uploads/sites/11/2024/12/GC-Header-2-300x206.png]
[lacunafund.org/wp-content/uploads/sites/11/2024/12/3d671e1a-56a7-4e3f-9090-62a3bd7659f9-300x212.jpg]
[lacunafund.org/wp-content/uploads/sites/11/2024/12/Social-post-winners-LF-300x169.png]
[lacunafund.org/wp-content/uploads/sites/11/2024/12/1727180979693-300x225.jpg]
[lacunafund.org/wp-content/uploads/sites/11/2024/12/1725745045806-e1734479341395-300x283.jpg]
[lacunafund.org/wp-content/uploads/sites/11/2024/12/Health-AI-300x169.png]
[lacunafund.org/wp-content/uploads/sites/11/2024/12/Milestones-combo-300x169.png]
[lacunafund.org/wp-content/uploads/sites/11/2024/12/20240920_Lacuna_Fund-153-300x200.jpg]
[lacunafund.org/es/resumen-del-ano-reunion-de-beneficiarios-e-hitos-de-2024-de-lacuna-fund/index.html]
[lacunafund.org/lacuna-fund-invites-proposals-to-develop-inclusive-health-and-language-ml-datasets/index.html]
[lacunafund.org/four-new-machine-learning-datasets-in-agriculture-health-and-language-domains/index.html]
[lacunafund.org/announcing-awards-in-health-2023-sexual-reproductive-and-maternal-health-and-rights-awardees/index.html]
[lacunafund.org/meet-mutembesa-and-gloria-using-machine-learning-to-improve-their-communities/index.html]
[lacunafund.org/es/wp-json/wp/v2/posts/12033.json]
[lacunafund.org/es/wp-json/oembed/1.0/embed7ce0.json]
[lacunafund.org/es/wp-json/oembed/1.0/embed729b]
[lacunafund.org/es/anuncio-de-premios-para-conjuntos-de-datos-de-aprendizaje-automatico-sobre-clima-y-bosques/index.html]
[lacunafund.org/wp-content/uploads/sites/11/2024/10/GEO-Indigenous-Alliance-logo-e1730164610358-300x106.png]
[lacunafund.org/index9219.html]
[lacunafund.org/index3b68.html]
[lacunafund.org/index8f50.html]
[lacunafund.org/indexe56e.html]
[lacunafund.org/index9345.html]
[lacunafund.org/indexef52.html]
[lacunafund.org/index9310.html]
[lacunafund.org/index7d69.html]
[lacunafund.org/index3fb7.html]
[lacunafund.org/indexa681.html]
[lacunafund.org/index2fac.html]
[lacunafund.org/index9ce5.html]
[lacunafund.org/index287e.html]
[lacunafund.org/index34ca.html]
[lacunafund.org/indexfcee.html]
[lacunafund.org/indexb555.html]
[lacunafund.org/index7298.html]
[lacunafund.org/index9934.html]
[lacunafund.org/indexe5b8.html]
[lacunafund.org/indexdac6.html]
[lacunafund.org/index0ff6.html]
[lacunafund.org/indexd23d.html]
[lacunafund.org/indexb7a5.html]
[lacunafund.org/indexe9c9.html]
[lacunafund.org/fr/indexa713.html]
[lacunafund.org/fr/indexbfc0.html]
[lacunafund.org/fr/wp-json/wp/v2/posts/12626.json]
[lacunafund.org/fr/wp-json/oembed/1.0/embed83cb.json]
[lacunafund.org/fr/le-lacuna-fund-publie-18-nouveaux-ensembles-de-/index.html]
[lacunafund.org/fr/wp-json/oembed/1.0/embed2b47]
[lacunafund.org/fr/wp-json/wp/v2/posts/12236.json]
[lacunafund.org/fr/wp-json/oembed/1.0/embedd4c9.json]
[lacunafund.org/fr/wp-json/oembed/1.0/embed2725]
[lacunafund.org/wp-content/uploads/sites/11/2024/12/1727180979693-1-300x225.jpg]
[lacunafund.org/fr/bilan-de-lannee-reunion-des-beneficiaires-du-lacuna-fund-et-moments-forts-de-2024/index.html]
[lacunafund.org/fr/le-lacuna-fund-lance-un-appel-a-propositions-pour-developper-des-ensembles-de-donnees-dam-inclusifs-dans-les-domaines-des-langues-et-de-la-sante/index.html]
[lacunafund.org/fr/cinq-nouveaux-ensembles-de-donnees-dapprentissage-machine-dans-les-domaines-de-lagriculture-de-la-sante-et-des-langues/index.html]
[lacunafund.org/fr/quatre-nouveaux-ensembles-de-donnees-dapprentissage-machine-dans-les-domaines-de-lagriculture-de-la-sante-et-des-langues/index.html]
[lacunafund.org/fr/annonce-des-subventions-dans-le-domaine-de-la-sante-beneficiaires-de-subventions-dans-le-domaine-de-la-sante-et-des-droits-sexuels-reproductifs-et-maternels-pour-lannee-2023/index.html]
[lacunafund.org/fr/wp-json/wp/v2/posts/12038.json]
[lacunafund.org/fr/rendez-vous-avec-mutembesa-et-gloria-lutilisation-de-lapprentissage-machine-au-service-du-renforcement-de-leurs-communautes/index.html]
[lacunafund.org/fr/wp-json/oembed/1.0/embeda351.json]
[lacunafund.org/fr/wp-json/oembed/1.0/embede1db]
[lacunafund.org/wp-content/uploads/sites/11/2024/10/GEO-Indigenous-Alliance-logo-e1730167737899-300x109.png]
[lacunafund.org/fr/annonce-des-subventions-pour-les-ensembles-de-donnees-dapprentissage-machine-sur-le-climat-et-les-forets/index.html]
[lacunafund.org/es/wp-json/wp/v2/posts/12629.json]
[lacunafund.org/es/wp-json/oembed/1.0/embedc757.json]
[lacunafund.org/es/lacuna-fund-publica-18-nuevos-conjuntos-de-dato/index.html]
[lacunafund.org/indexc1a9.html]
[lacunafund.org/index5692.html]
[lacunafund.org/indexee13.html]
[lacunafund.org/index44e2.html]
[lacunafund.org/indexf0ef.html]
[lacunafund.org/fr/indexadf1.html]
[lacunafund.org/fr/indexb608.html]
[lacunafund.org/index0d0b.html]
[lacunafund.org/indexd854.html]
[lacunafund.org/fr/index5dbe.html]
[lacunafund.org/fr/index501f.html]
[lacunafund.org/fr/index2365.html]
[lacunafund.org/fr/index0c28.html]
[lacunafund.org/es/wp-json/oembed/1.0/embed2aac]
[lacunafund.org/wp-json/wp/v2/posts/5878.json]
[lacunafund.org/wp-json/oembed/1.0/embed230b.json]
[lacunafund.org/wp-json/oembed/1.0/embed8ab6]
[lacunafund.org/announcing-our-inaugural-round-of-funding-for-agricultural-datasets-for-ai/index.html]
[lacunafund.org/wp-content/uploads/sites/11/2021/01/ivan-bandura-Oei00n8F5JQ-unsplash-1280x2276.jpg]
[lacunafund.org/fr/wp-json/wp/v2/posts/6791.json]
[lacunafund.org/fr/wp-json/oembed/1.0/embed820d.json]
[lacunafund.org/fr/wp-json/oembed/1.0/embed4b61]
[lacunafund.org/wp-content/uploads/sites/11/2022/06/mitchell-luo-FgD20RKJIF8-unsplash-1-1280x796.jpg]
[lacunafund.org/wp-content/uploads/sites/11/2022/06/218E7BEF-0941-401E-9BF8-789DD42A9516-300x225.jpg]
[lacunafund.org/wp-content/uploads/sites/11/2022/06/IMG_20210929_114209-225x300.jpg]
[lacunafund.org/wp-content/uploads/sites/11/2022/06/Lacuna-Livestock-project-logo-300x180.png]
[lacunafund.org/wp-content/uploads/sites/11/2022/06/Image-rangeland-and-pature-managemen-300x152.jpg]
[lacunafund.org/wp-content/uploads/sites/11/2022/06/Logos_partners-300x165.png]
[lacunafund.org/fr/annonce-des-projets-finances-dans-le-domaine-de-lagriculture/index.html]
[lacunafund.org/fr/index3549.html]
[lacunafund.org/fr/index54b4.html]
[lacunafund.org/fr/wp-json/wp/v2/posts/8440.json]
[lacunafund.org/fr/wp-json/oembed/1.0/embedcdbb.json]
[lacunafund.org/fr/wp-json/oembed/1.0/embed16d8]
[lacunafund.org/wp-content/uploads/sites/11/2023/02/NEW_Upcoming-RFPS-Image-1-1280x720.png]
[lacunafund.org/wp-content/uploads/sites/11/2023/02/Epimetrics_logo.png]
[lacunafund.org/wp-content/uploads/sites/11/2023/02/INSPIRE.png]
[lacunafund.org/wp-content/uploads/sites/11/2023/02/Sokoine.png]
[lacunafund.org/wp-content/uploads/sites/11/2023/02/Abattoir-300x168.jpg]
[lacunafund.org/wp-content/uploads/sites/11/2023/02/Indigenous-Tools-300x215.png]
[lacunafund.org/wp-content/uploads/sites/11/2023/02/Irradiance.jpg]
[lacunafund.org/wp-content/uploads/sites/11/2023/02/LIRNEasia-300x93.png]
[lacunafund.org/wp-content/uploads/sites/11/2023/02/DERMS-300x196.jpg]
[lacunafund.org/fr/annonce-des-subventions-pour-les-ensembles-de-donnees-sur-le-climat-sante-et-energie/index.html]
[lacunafund.org/fr/index1222.html]
[lacunafund.org/fr/indexa1ec.html]
[lacunafund.org/index526f.html]
[lacunafund.org/indexf400.html]
[lacunafund.org/es/index1b4a.html]
[lacunafund.org/es/indexc9d2.html]
[lacunafund.org/wp-json/wp/v2/posts/12181.json]
[lacunafund.org/wp-json/oembed/1.0/embed568b.json]
[lacunafund.org/wp-json/oembed/1.0/embedbea2]
[lacunafund.org/wp-content/uploads/sites/11/2024/12/Final-300x180.png]
[lacunafund.org/year-in-review-lacuna-funds-grantee-convening-and-2024-highlights/index.html]
[lacunafund.org/wp-content/uploads/sites/11/2024/12/1725745045806-e1734384660573-300x283.jpg]
[lacunafund.org/es/index5854.html]
[lacunafund.org/es/indexc6ab.html]
[lacunafund.org/wp-json/wp/v2/posts/10359.json]
[lacunafund.org/wp-json/oembed/1.0/embede4b9.json]
[lacunafund.org/wp-json/oembed/1.0/embedbf83]
[lacunafund.org/wp-content/uploads/sites/11/2024/03/Four-New-Datasets-1-300x169.png]
[lacunafund.org/four-new-machine-learning-datasets-in-agriculture-health-and-language-domains/index.html]
[lacunafund.org/wp-json/wp/v2/posts/11079.json]
[lacunafund.org/wp-json/oembed/1.0/embedc7d8.json]
[lacunafund.org/wp-json/oembed/1.0/embedbf42]
[lacunafund.org/lacuna-fund-invites-proposals-to-develop-inclusive-health-and-language-ml-datasets/index.html]
[lacunafund.org/wp-content/uploads/sites/11/2024/06/RFP-Option-2-300x169.png]
[lacunafund.org/wp-json/wp/v2/posts/10070.json]
[lacunafund.org/candidatura/index.html]
[lacunafund.org/wp-json/oembed/1.0/embed0323.json]
[lacunafund.org/wp-json/oembed/1.0/embedb1be]
[lacunafund.org/wp-content/uploads/sites/11/2024/01/FINAL-SRMHR-1-1280x720.png]
[lacunafund.org/wp-content/uploads/sites/11/2024/01/FINAL-SRMHR-1-300x169.png]
[lacunafund.org/wp-content/uploads/sites/11/2024/01/Dr.-Mushiga.jpg]
[lacunafund.org/wp-content/uploads/sites/11/2024/01/Udom_Logo.jpg]
[lacunafund.org/wp-content/uploads/sites/11/2024/01/Dr.-Kawooya_photo.jpg]
[lacunafund.org/wp-content/uploads/sites/11/2024/01/Makerere-Logos-300x200.png]
[lacunafund.org/announcing-awards-in-health-2023-sexual-reproductive-and-maternal-health-and-rights-awardees/index.html]
[lacunafund.org/wp-json/wp/v2/posts/10585.json]
[lacunafund.org/wp-json/oembed/1.0/embedc4aa.json]
[lacunafund.org/wp-json/oembed/1.0/embed67a8]
[lacunafund.org/wp-content/uploads/sites/11/2024/04/LacunaFund-GraphicElement-BG9-1280x828.png]
[lacunafund.org/wp-content/uploads/sites/11/2024/04/Header-Image-300x169.png]
[lacunafund.org/meet-mutembesa-and-gloria-using-machine-learning-to-improve-their-communities/index.html]
[lacunafund.org/fr/index09ce.html]
[lacunafund.org/es/indexc587.html]
[lacunafund.org/es/indexd717.html]
[lacunafund.org/fr/index578c.html]
[lacunafund.org/fr/index082f.html]
[lacunafund.org/fr/indexdc70.html]
[lacunafund.org/fr/index9164.html]
[lacunafund.org/fr/wp-json/wp/v2/posts/11577.json]
[lacunafund.org/fr/wp-json/oembed/1.0/embeddf81.json]
[lacunafund.org/fr/cinq-nouveaux-ensembles-de-donnees-dapprentissage-machine-dans-les-domaines-de-lagriculture-de-la-sante-et-des-langues/index.html]
[lacunafund.org/fr/wp-json/oembed/1.0/embed120a]
[lacunafund.org/fr/wp-json/wp/v2/posts/10362.json]
[lacunafund.org/fr/wp-json/oembed/1.0/embed91e0.json]
[lacunafund.org/fr/quatre-nouveaux-ensembles-de-donnees-dapprentissage-machine-dans-les-domaines-de-lagriculture-de-la-sante-et-des-langues/index.html]
[lacunafund.org/fr/wp-json/oembed/1.0/embed3e5f]
[lacunafund.org/fr/wp-json/wp/v2/posts/11044.json]
[lacunafund.org/fr/wp-json/oembed/1.0/embedd3fd.json]
[lacunafund.org/fr/le-lacuna-fund-lance-un-appel-a-propositions-pour-developper-des-ensembles-de-donnees-dam-inclusifs-dans-les-domaines-des-langues-et-de-la-sante/index.html]
[lacunafund.org/fr/wp-json/oembed/1.0/embeddadd]
[lacunafund.org/fr/wp-json/wp/v2/posts/10106.json]
[lacunafund.org/fr/wp-json/oembed/1.0/embed579f.json]
[lacunafund.org/fr/annonce-des-subventions-dans-le-domaine-de-la-sante-beneficiaires-de-subventions-dans-le-domaine-de-la-sante-et-des-droits-sexuels-reproductifs-et-maternels-pour-lannee-2023/index.html]
[lacunafund.org/fr/wp-json/oembed/1.0/embedc3d7]
[lacunafund.org/fr/wp-json/wp/v2/posts/10614.json]
[lacunafund.org/fr/wp-json/oembed/1.0/embedcacb.json]
[lacunafund.org/fr/rendez-vous-avec-mutembesa-et-gloria-lutilisation-de-lapprentissage-machine-au-service-du-renforcement-de-leurs-communautes/index.html]
[lacunafund.org/fr/indexf90a.html]
[lacunafund.org/es/index9cde.html]
[lacunafund.org/es/index7938.html]
[lacunafund.org/index3494.html]
[lacunafund.org/fr/index0f78.html]
[lacunafund.org/fr/indexa0de.html]
[lacunafund.org/fr/index6759.html]
[lacunafund.org/index35a8.html]
[lacunafund.org/indexf1b5.html]
[lacunafund.org/index94eb.html]
[lacunafund.org/indexe8a7.html]
[lacunafund.org/index8893.html]
[lacunafund.org/fr/wp-json/oembed/1.0/embed63b5]
[lacunafund.org/wp-json/wp/v2/pages/10985.json]
[lacunafund.org/wp-json/oembed/1.0/embed0640.json]
[lacunafund.org/wp-json/oembed/1.0/embed6866]
[lacunafund.org/candidatura/index.html]
[lacunafund.org/indexf607.html]
[lacunafund.org/indexe3e1.html]
[lacunafund.org/index1e1c.html]
[lacunafund.org/fr/index63e1.html]
[lacunafund.org/fr/index62bd.html]
[lacunafund.org/fr/index89b0.html]
[lacunafund.org/fr/index2e7c.html]
[lacunafund.org/fr/index0b11.html]
[lacunafund.org/fr/index1758.html]
[lacunafund.org/fr/indexd31c.html]
[lacunafund.org/fr/index55e1.html]
[lacunafund.org/fr/index5d09.html]
[lacunafund.org/fr/index9fb2.html]
[lacunafund.org/indexe955.html]
[lacunafund.org/indexd96a.html]
